// Jest Snapshot v1, https://goo.gl/fbAQLP

exports[`First snapshot test 1`] = `
<div>
  <div
    className="header__content"
  >
    <div>
      <div
        className="container"
      >
        <div
          className="row"
        >
          <div
            className="col-md-1 text-center"
          >
            <a
              href="/"
            >
              <div
                className="menuIcon"
              />
            </a>
          </div>
          <div
            className="col-md-3 text-center"
          >
            <a
              href="/"
              onClick={[Function]}
            >
              <img
                alt="logo"
                src="logo.png"
              />
            </a>
          </div>
          <div
            className="col-md-5"
          >
            <div
              className="menu clearfix"
            >
              
              
              <div />
              
            </div>
          </div>
          <div
            className="col-md-2"
          >
            <div
              className="cart clearfix"
            >
              <div
                onBlur={[Function]}
                onClick={[Function]}
                onFocus={[Function]}
                onMouseEnter={[Function]}
                onMouseLeave={[Function]}
              >
                <div
                  className="cart__icon"
                />
                <div
                  className="cart__text"
                >
                  CART
                </div>
                <div
                  className="cart__counter"
                >
                  0
                </div>
              </div>
            </div>
          </div>
          <div
            className="col-md-1 text-center"
          >
            <div
              className="role__text"
            />
            <p>
              <a
                href="/login"
                onClick={[Function]}
              >
                <button
                  className="auth-button"
                  type="button"
                >
                  Sign in
                </button>
              </a>
            </p>
          </div>
        </div>
      </div>
    </div>
  </div>
  <section
    id="head"
  >
    <div
      className="title"
    >
      <div
        className="container"
      >
        <div
          className="row"
        >
          <div
            className="col-md-12 col-lg-12"
          >
            <div
              className="title__text_small"
            >
              Simple
            </div>
            <div
              className="title__text_large"
            >
              eShop
            </div>
            <div
              className="title__arrow"
            >
              <a
                href="/"
              >
                <div>
                  <i
                    aria-hidden="true"
                    className="grey angle down large inverted icon"
                    onClick={[Function]}
                  />
                </div>
              </a>
            </div>
          </div>
        </div>
      </div>
    </div>
  </section>
  <section
    id="advantages"
  >
    <div
      className="container"
    >
      <div
        className="row"
      >
        <div
          className="col-md-12 col-lg-12"
        >
          <div
            className="advantages__title"
          >
            НАШИ ПРЕИМУЩЕСТВА
          </div>
        </div>
        <div
          className="col-xs-12 col-sm-6 col-md-4 col-lg-4"
        >
          <div
            className="advantage"
          >
            <div
              className="advantage__image_hand"
            />
            <div
              className="advantage__title"
            >
              НАДЕЖНОСТЬ
            </div>
            <div
              className="advantage__text"
            >
              Мы всегда придем к вам на помощь в решении самых неоднозначных вопросов
            </div>
          </div>
        </div>
        <div
          className="col-xs-12 col-sm-6 col-md-4 col-lg-4"
        >
          <div
            className="advantage"
          >
            <div
              className="advantage__image_property"
            />
            <div
              className="advantage__title"
            >
              ДОСТОВЕРНОСТЬ
            </div>
            <div
              className="advantage__text"
            >
              Достоверность - главный принцип нашей работы
            </div>
          </div>
        </div>
        <div
          className="col-xs-12 col-sm-12 col-md-4 col-lg-4"
        >
          <div
            className="advantage"
          >
            <div
              className="advantage__image_conference"
            />
            <div
              className="advantage__title"
            >
              КОМПЕТЕНТНОСТЬ
            </div>
            <div
              className="advantage__text"
            >
              Наши специалисты с большим опытом работы помогут разобраться во всех тонкостях
            </div>
          </div>
        </div>
      </div>
    </div>
  </section>
  <div
    className="container-fluid"
  >
    <div
      className="devider"
    />
  </div>
  <section
    className="about clearfix"
  >
    <div
      className="container clearfix"
    >
      <div
        className="about-header"
      >
        о нас
      </div>
      <div
        className="background"
      >
        <div
          className="about__title"
        >
          бэкграунд
        </div>
        <div
          className="background__content"
        >
          Lorem ipsum dolor sit amet, consectetur adipisicing elit, sed do eiusmod tempor incididunt ut labore et dolore magna aliqua. Ut enim ad minim veniam, quis.
        </div>
        <div
          className="background__content"
        >
          Ullamco laboris nisi ut aliquip ex ea commodo consequat. Duis aute irure dolor in reprehenderit in voluptate velit esse cillum dolore eu fugiat nulla pariatur. Excepteur sint occaecat cupidatat non proident, sunt in culpa qui.
        </div>
        <div
          className="background__content"
        >
          Ullamco laboris nisi ut aliquip ex ea commodo consequat. Duis aute irure dolor in reprehenderit in voluptate velit esse cillum dolore eu fugiat nulla pariatur. Excepteur sint occaecat cupidatat non proident, sunt in culpa quiis aute irure dolor in reprehenderit in is aute irure dolor in reprehenderit in is aute irure dolor in reprehenderit in.
        </div>
      </div>
      <div
        className="right-block"
      >
        <div
          className="merit clearfix"
        >
          <div
            className="about__title"
          >
            Заслуги
          </div>
          <div
            className="rhombuses clearfix"
          >
            <div
              className="rhombuses__item"
            >
              <div
                className="rhombus"
              >
                75
              </div>
              <div
                className="signature"
              >
                Реализованных проектов
              </div>
            </div>
            <div
              className="rhombuses__item"
            >
              <div
                className="rhombus"
              >
                154
              </div>
              <div
                className="signature"
              >
                Положительных отзыва
              </div>
            </div>
            <div
              className="rhombuses__item"
            >
              <div
                className="rhombus"
              >
                8
              </div>
              <div
                className="signature"
              >
                Лет
                <br />
                опыта
              </div>
            </div>
          </div>
        </div>
        <div
          className="contact clearfix"
        >
          <div
            className="about__title"
          >
            Связь
          </div>
          <div
            className="contact__items"
          >
            <div
              className="contact__item"
            >
              skype.com/myname
            </div>
            <div
              className="contact__item"
            >
              vk.com/12343
            </div>
            <div
              className="contact__item"
            >
              info@sitename.ru
            </div>
          </div>
          <div
            className="contact__block"
          >
            <div
              className="contact__img"
            />
            <div
              className="contact__subscript"
            >
              Не стесняйтесь, пишите
            </div>
          </div>
        </div>
      </div>
    </div>
  </section>
  <section
    className="footer"
    id="footer"
  >
    <div
      className="container"
    >
      <div
        className="row"
      >
        <div
          className="col-md-3"
        >
          <div
            className="footer__logo"
          />
        </div>
        <div
          className="col-md-7"
        >
          <div
            className="footer__menu clearfix"
          >
            <a
              href="/"
            >
              <div
                className="item"
              >
                Home
              </div>
            </a>
            <a
              href="/shop"
            >
              <div
                className="item"
              >
                Shop
              </div>
            </a>
            <a
              href="/"
            >
              <div
                className="item"
              >
                Team
              </div>
            </a>
            <a
              href="/"
            >
              <div
                className="item"
              >
                About us
              </div>
            </a>
            <a
              href="/"
            >
              <div
                className="item"
              >
                Contacts
              </div>
            </a>
          </div>
        </div>
        <div
          className="col-md-2"
        >
          <div
            className="social clearfix"
          >
            <a
              href="/"
            >
              <div
                className="social__icon_facebook"
              />
            </a>
            <a
              href="/"
            >
              <div
                className="social__icon_twitter"
              />
            </a>
            <a
              href="/"
            >
              <div
                className="social__icon_google"
              />
            </a>
          </div>
        </div>
      </div>
    </div>
  </section>
</div>
`;
